<html>
<body>
<pre>
<h1>µVision Build Log</h1>
<h2>Tool Versions:</h2>
IDE-Version: µVision V5.38.0.0
Copyright (C) 2022 ARM Ltd and ARM Germany GmbH. All rights reserved.
License Information: Deep Vinodbhai Lad, Nirma University, LIC=----
 
Tool Versions:
Toolchain:       MDK-Lite  Version: 5.38.0.0
Toolchain Path:  C:\Keil_v5\ARM\ARMCLANG\Bin
C Compiler:      ArmClang.exe V6.19
Assembler:       Armasm.exe V6.19
Linker/Locator:  ArmLink.exe V6.19
Library Manager: ArmAr.exe V6.19
Hex Converter:   FromElf.exe V6.19
CPU DLL:         SARMCM3.DLL V5.38.0.0
Dialog DLL:      DCM.DLL V1.17.5.0
Target DLL:      STLink\ST-LINKIII-KEIL_SWO.dll V3.1.0.0
Dialog DLL:      TCM.DLL V1.56.4.0
 
<h2>Project:</h2>
E:\STM32\Keil\Projects\STM32F103xx-Driver-Development\STM32-Driver-Developement\Projects\GPIO_Blink\GPIO_Blink.uvprojx
Project File Date:  03/27/2023

<h2>Output:</h2>
*** Using Compiler 'V6.19', folder: 'C:\Keil_v5\ARM\ARMCLANG\Bin'
Build Project 'GPIO_Blink' - Target 'Target 1'
E:\STM32\Keil\Projects\STM32F103xx-Driver-Development\STM32-Driver-Developement\Projects\GPIO_Blink\stm32f10x_GPIO.c(1): warning: In file included from...
E:\STM32\Keil\Projects\STM32F103xx-Driver-Development\STM32-Driver-Developement\Projects\GPIO_Blink\stm32f10x_GPIO.h(4): warning: In file included from...
C:\Users\Deep Lad\AppData\Local\Arm\Packs\Keil\STM32F1xx_DFP\2.4.0\Device\Include\stm32f10x.h(18): warning: invalid UTF-8 in comment [-Winvalid-utf8]
  *              - To use or not the peripheral<92>s drivers in application code(i.e. 
                                               ^
C:\Users\Deep Lad\AppData\Local\Arm\Packs\Keil\STM32F1xx_DFP\2.4.0\Device\Include\stm32f10x.h(19): warning: invalid UTF-8 in comment [-Winvalid-utf8]
  *                code will be based on direct access to peripheral<92>s registers 
                                                                    ^
C:\Users\Deep Lad\AppData\Local\Arm\Packs\Keil\STM32F1xx_DFP\2.4.0\Device\Include\stm32f10x.h(26): warning: invalid UTF-8 in comment [-Winvalid-utf8]
  *           - Macros to access peripheral<92>s registers hardware
                                           ^
E:\STM32\Keil\Projects\STM32F103xx-Driver-Development\STM32-Driver-Developement\Projects\GPIO_Blink\stm32f10x_GPIO.c(1): warning: In file included from...
E:\STM32\Keil\Projects\STM32F103xx-Driver-Development\STM32-Driver-Developement\Projects\GPIO_Blink\stm32f10x_GPIO.h(61): warning: // comments are not allowed in this language [-Wcomment]
//#define OFFSET_PIN_CNF                        4
^
E:\STM32\Keil\Projects\STM32F103xx-Driver-Development\STM32-Driver-Developement\Projects\GPIO_Blink\stm32f10x_GPIO.c(25): warning: // comments are not allowed in this language [-Wcomment]
// GPIO API for enabling clock for the respective port.
^
E:\STM32\Keil\Projects\STM32F103xx-Driver-Development\STM32-Driver-Developement\Projects\GPIO_Blink\stm32f10x_GPIO.c(45): warning: implicit conversion changes signedness: 'int' to 'unsigned int' [-Wsign-conversion]
                        RCC->APB2ENR&=~(1<<2);
                                    ~~^~~~~~~
E:\STM32\Keil\Projects\STM32F103xx-Driver-Development\STM32-Driver-Developement\Projects\GPIO_Blink\stm32f10x_GPIO.c(48): warning: implicit conversion changes signedness: 'int' to 'unsigned int' [-Wsign-conversion]
                        RCC->APB2ENR&=~(1<<3);
                                    ~~^~~~~~~
E:\STM32\Keil\Projects\STM32F103xx-Driver-Development\STM32-Driver-Developement\Projects\GPIO_Blink\stm32f10x_GPIO.c(51): warning: implicit conversion changes signedness: 'int' to 'unsigned int' [-Wsign-conversion]
                        RCC->APB2ENR&=~(1<<4);
                                    ~~^~~~~~~
E:\STM32\Keil\Projects\STM32F103xx-Driver-Development\STM32-Driver-Developement\Projects\GPIO_Blink\stm32f10x_GPIO.c(54): warning: implicit conversion changes signedness: 'int' to 'unsigned int' [-Wsign-conversion]
                        RCC->APB2ENR&=~(1<<5);
                                    ~~^~~~~~~
E:\STM32\Keil\Projects\STM32F103xx-Driver-Development\STM32-Driver-Developement\Projects\GPIO_Blink\stm32f10x_GPIO.c(81): warning: implicit conversion changes signedness: 'int' to 'unsigned int' [-Wsign-conversion]
                        pGPIOHandle->pGPIOx->CRH&=~(3<<((temp*4)+2));
                                                ~~^~~~~~~~~~~~~~~~~~
E:\STM32\Keil\Projects\STM32F103xx-Driver-Development\STM32-Driver-Developement\Projects\GPIO_Blink\stm32f10x_GPIO.c(84): warning: implicit conversion changes signedness: 'int' to 'unsigned int' [-Wsign-conversion]
                        pGPIOHandle->pGPIOx->CRH&=~(3<<((temp*4)+2));
                                                ~~^~~~~~~~~~~~~~~~~~
E:\STM32\Keil\Projects\STM32F103xx-Driver-Development\STM32-Driver-Developement\Projects\GPIO_Blink\stm32f10x_GPIO.c(63): warning: mixing declarations and code is a C99 extension [-Wdeclaration-after-statement]
        uint32_t temp=0;
                 ^
E:\STM32\Keil\Projects\STM32F103xx-Driver-Development\STM32-Driver-Developement\Projects\GPIO_Blink\stm32f10x_GPIO.c(93): warning: implicit conversion changes signedness: 'int' to 'unsigned int' [-Wsign-conversion]
                GPIOA_REG_RESET();
                ^~~~~~~~~~~~~~~~~
E:\STM32\Keil\Projects\STM32F103xx-Driver-Development\STM32-Driver-Developement\Projects\GPIO_Blink\stm32f10x_GPIO.h(66): note: expanded from macro 'GPIOA_REG_RESET'
#define GPIOA_REG_RESET()      do{(RCC->APB2RSTR |=(1<<2));(RCC->APB2RSTR &=~(1<<2));}while(0)
                                                                          ~~^~~~~~~
E:\STM32\Keil\Projects\STM32F103xx-Driver-Development\STM32-Driver-Developement\Projects\GPIO_Blink\stm32f10x_GPIO.c(95): warning: using the result of an assignment as a condition without parentheses [-Wparentheses]
        else if(pGPIOx=GPIOB){
                ~~~~~~^~~~~~
E:\STM32\Keil\Projects\STM32F103xx-Driver-Development\STM32-Driver-Developement\Projects\GPIO_Blink\stm32f10x_GPIO.c(95): note: place parentheses around the assignment to silence this warning
        else if(pGPIOx=GPIOB){
                      ^
                (           )
E:\STM32\Keil\Projects\STM32F103xx-Driver-Development\STM32-Driver-Developement\Projects\GPIO_Blink\stm32f10x_GPIO.c(95): note: use '==' to turn this assignment into an equality comparison
        else if(pGPIOx=GPIOB){
                      ^
                      ==
E:\STM32\Keil\Projects\STM32F103xx-Driver-Development\STM32-Driver-Developement\Projects\GPIO_Blink\stm32f10x_GPIO.c(96): warning: implicit conversion changes signedness: 'int' to 'unsigned int' [-Wsign-conversion]
                GPIOB_REG_RESET();
                ^~~~~~~~~~~~~~~~~
E:\STM32\Keil\Projects\STM32F103xx-Driver-Development\STM32-Driver-Developement\Projects\GPIO_Blink\stm32f10x_GPIO.h(67): note: expanded from macro 'GPIOB_REG_RESET'
#define GPIOB_REG_RESET()      do{(RCC->APB2RSTR |=(1<<3));(RCC->APB2RSTR &=~(1<<3));}while(0)
                                                                          ~~^~~~~~~
E:\STM32\Keil\Projects\STM32F103xx-Driver-Development\STM32-Driver-Developement\Projects\GPIO_Blink\stm32f10x_GPIO.c(99): warning: implicit conversion changes signedness: 'int' to 'unsigned int' [-Wsign-conversion]
                GPIOC_REG_RESET();
                ^~~~~~~~~~~~~~~~~
E:\STM32\Keil\Projects\STM32F103xx-Driver-Development\STM32-Driver-Developement\Projects\GPIO_Blink\stm32f10x_GPIO.h(68): note: expanded from macro 'GPIOC_REG_RESET'
#define GPIOC_REG_RESET()      do{(RCC->APB2RSTR |=(1<<4));(RCC->APB2RSTR &=~(1<<4));}while(0)
                                                                          ~~^~~~~~~
E:\STM32\Keil\Projects\STM32F103xx-Driver-Development\STM32-Driver-Developement\Projects\GPIO_Blink\stm32f10x_GPIO.c(155): warning: comparison between pointer and integer ('uint32_t' (aka 'unsigned int') and 'GPIO_TypeDef *') [-Wpointer-integer-compare]
        uint32_t port_code = GPIOBASEADDR_TO_PORTCODE(*pGPIOx);
                             ^~~~~~~~~~~~~~~~~~~~~~~~~~~~~~~~~
E:\STM32\Keil\Projects\STM32F103xx-Driver-Development\STM32-Driver-Developement\Projects\GPIO_Blink\stm32f10x_GPIO.h(14): note: expanded from macro 'GPIOBASEADDR_TO_PORTCODE'
#define GPIOBASEADDR_TO_PORTCODE(x)                     ((x==GPIOA)?0:(x==GPIOB)?1:(x==GPIOC)?2:(x==GPIOD)?3:0)
                                                          ~^ ~~~~~
E:\STM32\Keil\Projects\STM32F103xx-Driver-Development\STM32-Driver-Developement\Projects\GPIO_Blink\stm32f10x_GPIO.c(155): warning: comparison between pointer and integer ('uint32_t' (aka 'unsigned int') and 'GPIO_TypeDef *') [-Wpointer-integer-compare]
        uint32_t port_code = GPIOBASEADDR_TO_PORTCODE(*pGPIOx);
                             ^~~~~~~~~~~~~~~~~~~~~~~~~~~~~~~~~
E:\STM32\Keil\Projects\STM32F103xx-Driver-Development\STM32-Driver-Developement\Projects\GPIO_Blink\stm32f10x_GPIO.h(14): note: expanded from macro 'GPIOBASEADDR_TO_PORTCODE'
#define GPIOBASEADDR_TO_PORTCODE(x)                     ((x==GPIOA)?0:(x==GPIOB)?1:(x==GPIOC)?2:(x==GPIOD)?3:0)
                                                                       ~^ ~~~~~
E:\STM32\Keil\Projects\STM32F103xx-Driver-Development\STM32-Driver-Developement\Projects\GPIO_Blink\stm32f10x_GPIO.c(155): warning: comparison between pointer and integer ('uint32_t' (aka 'unsigned int') and 'GPIO_TypeDef *') [-Wpointer-integer-compare]
        uint32_t port_code = GPIOBASEADDR_TO_PORTCODE(*pGPIOx);
                             ^~~~~~~~~~~~~~~~~~~~~~~~~~~~~~~~~
E:\STM32\Keil\Projects\STM32F103xx-Driver-Development\STM32-Driver-Developement\Projects\GPIO_Blink\stm32f10x_GPIO.h(14): note: expanded from macro 'GPIOBASEADDR_TO_PORTCODE'
#define GPIOBASEADDR_TO_PORTCODE(x)                     ((x==GPIOA)?0:(x==GPIOB)?1:(x==GPIOC)?2:(x==GPIOD)?3:0)
                                                                                    ~^ ~~~~~
E:\STM32\Keil\Projects\STM32F103xx-Driver-Development\STM32-Driver-Developement\Projects\GPIO_Blink\stm32f10x_GPIO.c(155): warning: comparison between pointer and integer ('uint32_t' (aka 'unsigned int') and 'GPIO_TypeDef *') [-Wpointer-integer-compare]
        uint32_t port_code = GPIOBASEADDR_TO_PORTCODE(*pGPIOx);
                             ^~~~~~~~~~~~~~~~~~~~~~~~~~~~~~~~~
E:\STM32\Keil\Projects\STM32F103xx-Driver-Development\STM32-Driver-Developement\Projects\GPIO_Blink\stm32f10x_GPIO.h(14): note: expanded from macro 'GPIOBASEADDR_TO_PORTCODE'
#define GPIOBASEADDR_TO_PORTCODE(x)                     ((x==GPIOA)?0:(x==GPIOB)?1:(x==GPIOC)?2:(x==GPIOD)?3:0)
                                                                                                 ~^ ~~~~~
E:\STM32\Keil\Projects\STM32F103xx-Driver-Development\STM32-Driver-Developement\Projects\GPIO_Blink\stm32f10x_GPIO.c(155): warning: mixing declarations and code is a C99 extension [-Wdeclaration-after-statement]
        uint32_t port_code = GPIOBASEADDR_TO_PORTCODE(*pGPIOx);
                 ^
E:\STM32\Keil\Projects\STM32F103xx-Driver-Development\STM32-Driver-Developement\Projects\GPIO_Blink\stm32f10x_GPIO.c(186): warning: variable declaration in for loop is a C99-specific feature [-Wc99-extensions]
                for (int i=0;i<1000000;i++);
                     ^
E:\STM32\Keil\Projects\STM32F103xx-Driver-Development\STM32-Driver-Developement\Projects\GPIO_Blink\stm32f10x_GPIO.c(186): warning: GCC does not allow variable declarations in for loop initializers before C99 [-Wgcc-compat]
23 warnings generated.
compiling stm32f10x_GPIO.c...
linking...
Program Size: Code=1508 RO-data=252 RW-data=0 ZI-data=1632  
".\Objects\GPIO_Blink.axf" - 0 Error(s), 23 Warning(s).

<h2>Software Packages used:</h2>

Package Vendor: ARM
                http://www.keil.com/pack/ARM.CMSIS.5.9.0.pack
                ARM.CMSIS.5.9.0
                CMSIS (Common Microcontroller Software Interface Standard)
   * Component: CORE Version: 5.6.0

Package Vendor: Keil
                http://www.keil.com/pack/Keil.STM32F1xx_DFP.2.4.0.pack
                Keil.STM32F1xx_DFP.2.4.0
                STMicroelectronics STM32F1 Series Device Support, Drivers and Examples
   * Component: Startup Version: 1.0.0

<h2>Collection of Component include folders:</h2>
  ./RTE/Device/STM32F103C8
  ./RTE/_Target_1
  C:/Users/Deep Lad/AppData/Local/Arm/Packs/ARM/CMSIS/5.9.0/CMSIS/Core/Include
  C:/Users/Deep Lad/AppData/Local/Arm/Packs/Keil/STM32F1xx_DFP/2.4.0/Device/Include

<h2>Collection of Component Files used:</h2>

   * Component: ARM::CMSIS:CORE:5.6.0

   * Component: Keil::Device:Startup:1.0.0
      Source file:   Device/Source/system_stm32f10x.c
      Source file:   Device/Source/ARM/startup_stm32f10x_md.s
      Include file:  RTE_Driver/Config/RTE_Device.h
      Source file:   Device/Source/ARM/STM32F1xx_OPT.s
Build Time Elapsed:  00:00:01
</pre>
</body>
</html>
